<html>
<body>
<pre>
<h1>µVision Build Log</h1>
<h2>Tool Versions:</h2>
IDE-Version: ¦ÌVision V5.29.0.0
Copyright (C) 2019 ARM Ltd and ARM Germany GmbH. All rights reserved.
License Information: z HP Inc., HP Inc., LIC=LSNXV-PY469-NN4AF-6E1PT-A9NMR-Q3GXC
 
Tool Versions:
Toolchain:       MDK-ARM Plus  Version: 5.29.0.0
Toolchain Path:  C:\Keil_v5\ARM\ARMCC\Bin
C Compiler:      Armcc.exe V5.06 update 6 (build 750)
Assembler:       Armasm.exe V5.06 update 6 (build 750)
Linker/Locator:  ArmLink.exe V5.06 update 6 (build 750)
Library Manager: ArmAr.exe V5.06 update 6 (build 750)
Hex Converter:   FromElf.exe V5.06 update 6 (build 750)
CPU DLL:         SARMCM3.DLL V5.29.0.0
Dialog DLL:      DCM.DLL V1.17.3.0
Target DLL:      CMSIS_AGDI.dll V1.32.0.0
Dialog DLL:      TCM.DLL V1.36.5.0
 
<h2>Project:</h2>
F:\stm32\HAL\F4\ST7735_LVGL\MDK-ARM\ST7735_LVGL.uvprojx
Project File Date:  07/29/2021

<h2>Output:</h2>
*** Using Compiler 'V5.06 update 6 (build 750)', folder: 'C:\Keil_v5\ARM\ARMCC\Bin'
Build target 'ST7735_LVGL'
assembling startup_stm32f411xe.s...
compiling stm32f4xx_hal_msp.c...
compiling stm32f4xx_it.c...
compiling spi.c...
compiling gpio.c...
compiling tim.c...
compiling main.c...
compiling stm32f4xx_hal_spi.c...
compiling stm32f4xx_hal_rcc_ex.c...
compiling stm32f4xx_hal_flash_ramfunc.c...
compiling stm32f4xx_hal_flash_ex.c...
compiling stm32f4xx_hal_rcc.c...
compiling stm32f4xx_hal_flash.c...
compiling stm32f4xx_hal_gpio.c...
compiling stm32f4xx_hal_dma_ex.c...
compiling stm32f4xx_hal_pwr_ex.c...
compiling stm32f4xx_hal_pwr.c...
compiling stm32f4xx_hal.c...
compiling stm32f4xx_hal_dma.c...
compiling stm32f4xx_hal_cortex.c...
compiling stm32f4xx_hal_exti.c...
compiling system_stm32f4xx.c...
compiling stm32f4xx_hal_tim_ex.c...
compiling st7735.c...
compiling lv_group.c...
compiling lv_disp.c...
compiling stm32f4xx_hal_tim.c...
compiling lv_indev.c...
compiling lv_refr.c...
compiling lv_style.c...
GUI\lvgl\src\lv_core\lv_style.c(83): warning:  #174-D: expression has no effect
      LV_ASSERT_STYLE(style_dest);
GUI\lvgl\src\lv_core\lv_style.c(84): warning:  #174-D: expression has no effect
      LV_ASSERT_STYLE(style_src);
GUI\lvgl\src\lv_core\lv_style.c(103): warning:  #174-D: expression has no effect
      LV_ASSERT_STYLE(style);
GUI\lvgl\src\lv_core\lv_style.c(152): warning:  #174-D: expression has no effect
      LV_ASSERT_STYLE_LIST(list_dest);
GUI\lvgl\src\lv_core\lv_style.c(153): warning:  #174-D: expression has no effect
      LV_ASSERT_STYLE_LIST(list_src);
GUI\lvgl\src\lv_core\lv_style.c(198): warning:  #174-D: expression has no effect
      LV_ASSERT_STYLE_LIST(list);
GUI\lvgl\src\lv_core\lv_style.c(199): warning:  #174-D: expression has no effect
      LV_ASSERT_STYLE(style);
GUI\lvgl\src\lv_core\lv_style.c(236): warning:  #174-D: expression has no effect
      LV_ASSERT_STYLE_LIST(list);
GUI\lvgl\src\lv_core\lv_style.c(237): warning:  #174-D: expression has no effect
      LV_ASSERT_STYLE(style);
GUI\lvgl\src\lv_core\lv_style.c(285): warning:  #174-D: expression has no effect
      LV_ASSERT_STYLE_LIST(list);
GUI\lvgl\src\lv_core\lv_style.c(322): warning:  #174-D: expression has no effect
      LV_ASSERT_STYLE(style);
GUI\lvgl\src\lv_core\lv_style.c(335): warning:  #174-D: expression has no effect
      LV_ASSERT_STYLE(style);
GUI\lvgl\src\lv_core\lv_style.c(360): warning:  #174-D: expression has no effect
      LV_ASSERT_STYLE(style);
GUI\lvgl\src\lv_core\lv_style.c(406): warning:  #174-D: expression has no effect
      LV_ASSERT_STYLE(style);
GUI\lvgl\src\lv_core\lv_style.c(453): warning:  #174-D: expression has no effect
      LV_ASSERT_STYLE(style);
GUI\lvgl\src\lv_core\lv_style.c(500): warning:  #174-D: expression has no effect
      LV_ASSERT_STYLE(style);
GUI\lvgl\src\lv_core\lv_style.c(548): warning:  #174-D: expression has no effect
      LV_ASSERT_STYLE(style);
GUI\lvgl\src\lv_core\lv_style.c(585): warning:  #174-D: expression has no effect
      LV_ASSERT_STYLE(style);
GUI\lvgl\src\lv_core\lv_style.c(682): warning:  #174-D: expression has no effect
      LV_ASSERT_STYLE_LIST(list);
GUI\lvgl\src\lv_core\lv_style.c(696): warning:  #174-D: expression has no effect
      LV_ASSERT_STYLE_LIST(list);
GUI\lvgl\src\lv_core\lv_style.c(709): warning:  #174-D: expression has no effect
      LV_ASSERT_STYLE_LIST(list);
GUI\lvgl\src\lv_core\lv_style.c(744): warning:  #174-D: expression has no effect
      LV_ASSERT_STYLE_LIST(list);
GUI\lvgl\src\lv_core\lv_style.c(760): warning:  #174-D: expression has no effect
      LV_ASSERT_STYLE_LIST(list);
GUI\lvgl\src\lv_core\lv_style.c(776): warning:  #174-D: expression has no effect
      LV_ASSERT_STYLE_LIST(list);
GUI\lvgl\src\lv_core\lv_style.c(792): warning:  #174-D: expression has no effect
      LV_ASSERT_STYLE_LIST(list);
GUI\lvgl\src\lv_core\lv_style.c(813): warning:  #174-D: expression has no effect
      LV_ASSERT_STYLE_LIST(list);
GUI\lvgl\src\lv_core\lv_style.c(865): warning:  #174-D: expression has no effect
      LV_ASSERT_STYLE_LIST(list);
GUI\lvgl\src\lv_core\lv_style.c(915): warning:  #174-D: expression has no effect
      LV_ASSERT_STYLE_LIST(list);
GUI\lvgl\src\lv_core\lv_style.c(965): warning:  #174-D: expression has no effect
      LV_ASSERT_STYLE_LIST(list);
GUI\lvgl\src\lv_core\lv_style.c(1055): warning:  #174-D: expression has no effect
      LV_ASSERT_STYLE(style);
GUI\lvgl\src\lv_core\lv_style.c(1103): warning:  #174-D: expression has no effect
      LV_ASSERT_STYLE_LIST(list);
GUI\lvgl\src\lv_core\lv_style.c: 31 warnings, 0 errors
compiling lv_draw_blend.c...
compiling lv_draw_arc.c...
compiling lv_draw_img.c...
compiling lv_obj.c...
compiling lv_draw_triangle.c...
compiling lv_draw_label.c...
GUI\lvgl\src\lv_draw\lv_draw_label.c(381): warning:  #174-D: expression has no effect
      LV_ASSERT_MEM_INTEGRITY();
GUI\lvgl\src\lv_draw\lv_draw_label.c: 1 warning, 0 errors
compiling lv_draw_line.c...
compiling lv_draw_mask.c...
GUI\lvgl\src\lv_draw\lv_draw_mask.c(349): warning:  #111-D: statement is unreachable
          return;
GUI\lvgl\src\lv_draw\lv_draw_mask.c(360): warning:  #111-D: statement is unreachable
          return;
GUI\lvgl\src\lv_draw\lv_draw_mask.c: 2 warnings, 0 errors
compiling lv_img_buf.c...
compiling lv_img_cache.c...
compiling lv_draw_rect.c...
GUI\lvgl\src\lv_draw\lv_draw_rect.c(103): warning:  #174-D: expression has no effect
      LV_ASSERT_MEM_INTEGRITY();
GUI\lvgl\src\lv_draw\lv_draw_rect.c: 1 warning, 0 errors
compiling lv_font.c...
compiling lv_img_decoder.c...
compiling lv_font_fmt_txt.c...
compiling lv_font_montserrat_12.c...
compiling lv_font_dejavu_16_persian_hebrew.c...
compiling lv_font_montserrat_14.c...
compiling lv_font_montserrat_12_subpx.c...
compiling lv_font_montserrat_16.c...
compiling lv_font_montserrat_18.c...
compiling lv_font_montserrat_20.c...
compiling lv_font_montserrat_22.c...
compiling lv_font_montserrat_24.c...
compiling lv_font_montserrat_26.c...
compiling lv_font_montserrat_28.c...
compiling lv_font_montserrat_28_compressed.c...
compiling lv_font_montserrat_30.c...
compiling lv_font_montserrat_32.c...
compiling lv_font_montserrat_36.c...
compiling lv_font_montserrat_34.c...
compiling lv_font_montserrat_38.c...
compiling lv_font_montserrat_40.c...
compiling lv_font_montserrat_44.c...
compiling lv_font_montserrat_46.c...
compiling lv_font_montserrat_42.c...
compiling lv_font_simsun_16_cjk.c...
compiling lv_font_montserrat_48.c...
compiling lv_font_unscii_8.c...
compiling lv_gpu_stm32_dma2d.c...
compiling lv_hal_tick.c...
compiling lv_area.c...
compiling lv_anim.c...
compiling lv_hal_indev.c...
compiling lv_hal_disp.c...
compiling lv_async.c...
compiling lv_bidi.c...
compiling lv_color.c...
compiling lv_debug.c...
compiling lv_fs.c...
compiling lv_gc.c...
compiling lv_ll.c...
compiling lv_log.c...
compiling lv_math.c...
compiling lv_mem.c...
GUI\lvgl\src\lv_misc\lv_mem.c(539): warning:  #111-D: statement is unreachable
      return NULL;
GUI\lvgl\src\lv_misc\lv_mem.c: 1 warning, 0 errors
compiling lv_printf.c...
compiling lv_txt.c...
compiling lv_task.c...
compiling lv_txt_ap.c...
compiling lv_utils.c...
compiling lv_theme.c...
compiling lv_theme_empty.c...
compiling lv_theme_template.c...
compiling lv_theme_mono.c...
compiling lv_arc.c...
compiling lv_theme_material.c...
compiling lv_bar.c...
compiling lv_btn.c...
compiling lv_calendar.c...
GUI\lvgl\src\lv_widgets\lv_calendar.c(424): warning:  #111-D: statement is unreachable
          return LV_RES_OK;
GUI\lvgl\src\lv_widgets\lv_calendar.c: 1 warning, 0 errors
compiling lv_btnmatrix.c...
compiling lv_chart.c...
compiling lv_checkbox.c...
compiling lv_canvas.c...
compiling lv_cont.c...
compiling lv_gauge.c...
compiling lv_cpicker.c...
compiling lv_dropdown.c...
compiling lv_img.c...
compiling lv_imgbtn.c...
compiling lv_keyboard.c...
compiling lv_line.c...
compiling lv_label.c...
compiling lv_led.c...
compiling lv_msgbox.c...
compiling lv_list.c...
compiling lv_linemeter.c...
compiling lv_objmask.c...
compiling lv_objx_templ.c...
compiling lv_slider.c...
compiling lv_roller.c...
compiling lv_spinbox.c...
compiling lv_page.c...
compiling lv_spinner.c...
compiling lv_switch.c...
compiling lv_textarea.c...
compiling lv_tileview.c...
compiling lv_table.c...
compiling lv_port_disp.c...
compiling lv_tabview.c...
compiling lv_win.c...
linking...
Program Size: Code=76516 RO-data=17008 RW-data=268 ZI-data=74860  
FromELF: creating hex file...
"ST7735_LVGL\ST7735_LVGL.axf" - 0 Error(s), 37 Warning(s).

<h2>Software Packages used:</h2>

Package Vendor: ARM
                http://www.keil.com/pack/ARM.CMSIS.5.6.0.pack
                ARM.CMSIS.5.6.0
                CMSIS (Cortex Microcontroller Software Interface Standard)
   * Component: CORE Version: 5.3.0

Package Vendor: Keil
                http://www.keil.com/pack/Keil.STM32F4xx_DFP.2.13.0.pack
                Keil.STM32F4xx_DFP.2.13.0
                STMicroelectronics STM32F4 Series Device Support, Drivers and Examples

<h2>Collection of Component include folders:</h2>
  .\RTE\_ST7735_LVGL
  C:\Keil_v5\ARM\PACK\ARM\CMSIS\5.6.0\CMSIS\Core\Include
  C:\Keil_v5\ARM\PACK\Keil\STM32F4xx_DFP\2.13.0\Drivers\CMSIS\Device\ST\STM32F4xx\Include

<h2>Collection of Component Files used:</h2>

   * Component: ARM::CMSIS:CORE:5.3.0
Build Time Elapsed:  00:01:30
</pre>
</body>
</html>
